// Jest Snapshot v1, https://goo.gl/fbAQLP

exports[`MainLayout should match snapshot 1`] = `
<div
  className="container-fluid"
>
  <header
    className="main-header"
  >
    <Link
      className="btn btn-success"
      to="/cart"
    >
      Cart
    </Link>
  </header>
  <section
    className="main-content"
  >
    <span>
      Test
    </span>
  </section>
</div>
`;
